
============================================================
­ƒº¬ TESTING 2:1/1:2 MATCHING BONUS LOGIC
============================================================
­ƒº╣ Cleaning up test users...
  Deleted 3 test users

­ƒôî Step 1: Get Admin
   Admin: cmj5j7bss000...

­ƒôî Step 2: Create referrals
Ô£à Created: test_a | Sponsor: cmj5j7bs | Parent: cmj5j7bs | Pos: LEFT
Ô£à Created: test_b | Sponsor: cmj5j7bs | Parent: cmj5j7bs | Pos: RIGHT
Ô£à Created: test_c | Sponsor: cmj5j7bs | Parent: cmj5jr2m | Pos: LEFT

­ƒôè Admin after 3 referrals:
   Left: 2 | Right: 1
   CarryL: 0 | CarryR: 0
   Wallet: Ôé╣0

­ƒôî Step 3: Verify C placement
   C.sponsorId = cmj5j7bs (should be Admin: cmj5j7bs)
   C.parentId  = cmj5jr2m (should be A: cmj5jr2m)
   Ô£à CORRECT: Sponsor=Admin, Parent=A

­ƒôî Step 4: Test Matching Algorithm
   L=2, R=1 ÔåÆ 1 matches (2:1=1, 1:2=0) carry: L=0, R=0 Ô£à
   L=5, R=2 ÔåÆ 2 matches (2:1=2, 1:2=0) carry: L=1, R=0 Ô£à
   L=1, R=2 ÔåÆ 1 matches (2:1=0, 1:2=1) carry: L=0, R=0 Ô£à
   L=3, R=4 ÔåÆ 2 matches (2:1=1, 1:2=1) carry: L=0, R=1 Ô£à
   L=10, R=5 ÔåÆ 5 matches (2:1=5, 1:2=0) carry: L=0, R=0 Ô£à

­ƒôî Step 5: Check Admin for matching eligibility
   Admin has L=2, R=1
   Can make 1 matches
   Ô£à Admin is eligible for matching bonus!

============================================================
Ô£à TEST COMPLETE
============================================================

